I am a process, I am waiting signal!
I am a process, I am waiting signal!
I am a process, I am waiting signal!
